


ARM Macro Assembler    Page 1 


    1 00000000                 AREA             Assignment2, CODE, READONLY
    2 00000000                 IMPORT           main
    3 00000000         
    4 00000000                 EXPORT           start
    5 00000000         start
    6 00000000         
    7 00000000         ;Setup pin addresses
    8 00000000 E0028018 
                       IO1DIR  EQU              0xE0028018
    9 00000000 E0028014 
                       IO1SET  EQU              0xE0028014
   10 00000000 E002801C 
                       IO1CLR  EQU              0xE002801C
   11 00000000         
   12 00000000 E59F0150        ldr              r0, =DISPLAYNUMBER ; number to 
                                                            be displayed
   13 00000004 E5900000        ldr              r0, [r0]
   14 00000008 E59F114C        ldr              r1, =ASCIIREPRESENTATION ; spac
                                                            e in memory for con
                                                            verted number
   15 0000000C E59F214C        ldr              r2, =DIVISORTABLE ; table of va
                                                            lues to convert dig
                                                            its
   16 00000010         
   17 00000010 EB000025        bl               getDecimal
   18 00000014         
   19 00000014 E59F1148        ldr              r1,=IO1DIR
   20 00000018 E3A0680F        ldr              r6,=0x000f0000 ; select P1.19--
                                                            P1.16
   21 0000001C E5816000        str              r6,[r1]     ; make them outputs
                                                            
   22 00000020 E59F1140        ldr              r1,=IO1SET
   23 00000024 E5816000        str              r6,[r1]     ; set them to turn 
                                                            the LEDs off
   24 00000028 E59F213C        ldr              r2,=IO1CLR
   25 0000002C E59F3128        ldr              r3, =ASCIIREPRESENTATION
   26 00000030         
   27 00000030         ; r1 points to the SET register
   28 00000030         ; r2 points to the CLEAR register
   29 00000030         ; r3 points to the start of the decimal representation
   30 00000030         
   31 00000030         wloop
   32 00000030 E5930000        ldr              r0, [r3]
   33 00000034 EB00000C        bl               reverseNumber
   34 00000038 E1A04000        mov              r4, r0
   35 0000003C E3740001        cmp              r4, #-1
   36 00000040 0A000008        beq              endwloop
   37 00000044 E5824000        str              r4,[r2]     ; clear the bit -> 
                                                            turn on the LED
   38 00000048 E59F5124        ldr              r5,=40000000 ; delay for about 
                                                            a half second
   39 0000004C         dloop
   40 0000004C E3550000        cmp              r5, #0
   41 00000050 DA000001        ble              enddloop    ; while(delay > 0){
                                                            
   42 00000054 E2555001        subs             r5,r5,#1    ;  delay--
   43 00000058 EAFFFFFB        b                dloop       ; }
   44 0000005C         enddloop
   45 0000005C         



ARM Macro Assembler    Page 2 


   46 0000005C E5816000        str              r6,[r1]     ; set the bit -> tu
                                                            rn off the LED
   47 00000060 E2833004        add              r3, r3, #4  ; decimal represent
                                                            ation address ++
   48 00000064 EAFFFFF1        b                wloop
   49 00000068         endwloop
   50 00000068         
   51 00000068 EAFFFFFE 
                       stop    B                stop
   52 0000006C         
   53 0000006C         ;Reverse Number Subroutine
   54 0000006C         ;Reverses the last 4 bits of a binary number
   55 0000006C         ;then shifts it into the correct position to 
   56 0000006C         ;be used as a mask with pin outputs
   57 0000006C         ;
   58 0000006C         ;R0 number being converted
   59 0000006C         ;
   60 0000006C         
   61 0000006C         reverseNumber
   62 0000006C         
   63 0000006C E92D41F8        stmfd            SP!, {lr, r3-r8} ; store regist
                                                            ers to stack
   64 00000070 E3A03000        ldr              r3, =0      ; count = 0
   65 00000074 E3A04000        ldr              r4, =0      ; reversed number 
   66 00000078         reverse
   67 00000078 E3530004        cmp              r3, #4      ; while(count < num
                                                            ber of digits to re
                                                            verse){
   68 0000007C AA000008        bge              endreverse
   69 00000080 E2005001        and              r5, r0, #1  ; mask out least si
                                                            gnificant bit
   70 00000084 E1A000A0        mov              r0, r0, lsr #1 ; shift original
                                                             number right 1 bit
                                                            
   71 00000088 E1A04084        mov              r4, r4, lsl #1 ; shift reversed
                                                             number left 1 bit
   72 0000008C E3550001        cmp              r5, #1      ; if(masked bit == 
                                                            1){
   73 00000090 0A000000        beq              push1
   74 00000094 EA000000        b                endpush
   75 00000098         push1
   76 00000098 E3844001        orr              r4, r4, #1  ; mask in a 1
   77 0000009C         endpush
   78 0000009C E2833001        add              r3, r3, #1  ; count++
   79 000000A0 EAFFFFF4        b                reverse
   80 000000A4         endreverse
   81 000000A4 E1A00804        mov              r0, r4, lsl #16 ; shift reverse
                                                            d number to correct
                                                             position
   82 000000A8 E8BD81F8        ldmfd            SP!, {pc, r3-r8}
   83 000000AC         
   84 000000AC         
   85 000000AC         ;Convert to Decimal Subroutine
   86 000000AC         ;Converts a Unsigned interger to its decimal digits
   87 000000AC         ;and saves it in memory
   88 000000AC         ;
   89 000000AC         ;R0 - number being converted
   90 000000AC         ;R1 - memory address of space for decimal digits
   91 000000AC         ;R2 - memory address of divisor table



ARM Macro Assembler    Page 3 


   92 000000AC         ;
   93 000000AC         
   94 000000AC         getDecimal
   95 000000AC E92D41F8        stmfd            SP!, {lr, r3-r8} ; Store regist
                                                            ers to stack
   96 000000B0         
   97 000000B0 E3A06000        ldr              r6, =0      ; bool corrected = 
                                                            true;
   98 000000B4 E3500000        cmp              r0, #0      ; if(number is nega
                                                            tive){
   99 000000B8 AA00000A        bge              positive
  100 000000BC E3A0402D        ldr              r4, ='-'    ; load negative sig
                                                            n
  101 000000C0 E5814000        str              r4, [r1]    ; store sign to mem
                                                            ory space
  102 000000C4 E2811004        add              r1, r1, #4  ; digitAddress++
  103 000000C8         ; }
  104 000000C8 E3E04000        ldr              r4, =0xffffffff ; max negative 
                                                            number
  105 000000CC E1500004        cmp              r0, r4      ; if(number == max 
                                                            negative number)
  106 000000D0 1A000001        bne              complement
  107 000000D4 E2400001        sub              r0, r0, #1  ; subtract 1 to all
                                                            ow for conversion
  108 000000D8 E3A06001        ldr              r6, =1      ; bool corrected = 
                                                            false
  109 000000DC         complement
  110 000000DC E1E00000        mvn              r0, r0      ; invert the bits
  111 000000E0 E2800001        add              r0, r0, #1  ; 2's complement
  112 000000E4 EA000002        b                endsign
  113 000000E8         positive
  114 000000E8 E3A0402B        ldr              r4, ='+'    ; load positive sig
                                                            n
  115 000000EC E5814000        str              r4, [r1]    ; store sign to mem
                                                            ory space
  116 000000F0 E2811004        add              r1, r1, #4  ; digitAddress++
  117 000000F4         endsign
  118 000000F4         
  119 000000F4 E3A04000        ldr              r4, =0      ; Divisor table ind
                                                            ex = 0;
  120 000000F8         for
  121 000000F8 E354000A        cmp              r4, #10     ; for(index < divis
                                                            orTable.length){
  122 000000FC AA000012        bge              endfor
  123 00000100 E5923000        ldr              r3, [r2]    ; load value at div
                                                            isor table
  124 00000104         if1
  125 00000104 E1500003        cmp              r0, r3      ; if(numberBeingCon
                                                            verted >= divisor){
                                                            
  126 00000108 BA00000C        blt              endif1
  127 0000010C E3A05000        ldr              r5, =0      ; digitCount = 0;
  128 00000110         while
  129 00000110 E1500003        cmp              r0, r3      ; while(numberBeing
                                                            Converted >= diviso
                                                            r){
  130 00000114 BA000006        blt              endwh
  131 00000118 E0400003        sub              r0, r0, r3  ; numberBeingConver
                                                            ted -= divisor



ARM Macro Assembler    Page 4 


  132 0000011C E2855001        add              r5, r5, #1  ; digitCount++
  133 00000120 E3560000        cmp              r6, #0
  134 00000124 0A000001        beq              noOverflow  ; if(|number| > max
                                                             positive number)
  135 00000128 E2800001        add              r0, r0, #1  ; add 1 to correct 
                                                            conversion
  136 0000012C E3A06000        ldr              r6, =0      ; bool corrected = 
                                                            true;
  137 00000130         noOverflow
  138 00000130 EAFFFFF6        b                while
  139 00000134         endwh
  140 00000134         ;put decimal number into memory
  141 00000134 E5815000        str              r5, [r1]    ; store digit to me
                                                            mory space
  142 00000138 E3A05000        ldr              r5, =0      ; digitCount = 0
  143 0000013C E2811004        add              r1, r1, #4  ; digitAddress++
  144 00000140         endif1
  145 00000140 E2844001        add              r4, r4, #1  ; index++
  146 00000144 E2822004        add              r2, r2, #4  ; divisorTableAddre
                                                            ss++
  147 00000148 EAFFFFEA        b                for
  148 0000014C         endfor
  149 0000014C         ;terminate the string
  150 0000014C E3E05000        ldr              r5, =-1     ; load -1 as termin
                                                            ating character   
  151 00000150 E5815000        str              r5, [r1]    ; store to digitAdd
                                                            ress
  152 00000154 E8BD81F8        ldmfd            SP!, {pc, r3-r8}
  153 00000158         
  154 00000158 00000000 
              00000000 
              00000000 
              E0028018 
              E0028014 
              E002801C 
              00000000 
              02625A00         AREA             Table, DATA, READONLY
  155 00000000         
  156 00000000         DISPLAYNUMBER
  157 00000000 FFFFFFFC        DCD              -4
  158 00000004         
  159 00000004         DIVISORTABLE
  160 00000004 3B9ACA00        DCD              1000000000
  161 00000008 05F5E100        DCD              100000000
  162 0000000C 00989680        DCD              10000000
  163 00000010 000F4240        DCD              1000000
  164 00000014 000186A0        DCD              100000
  165 00000018 00002710        DCD              10000
  166 0000001C 000003E8        DCD              1000
  167 00000020 00000064        DCD              100
  168 00000024 0000000A        DCD              10
  169 00000028 00000001        DCD              1
  170 0000002C         
  171 0000002C                 AREA             AsciiConversion, READWRITE
  172 00000000         
  173 00000000 00 00 00 
              00 00 00 
              00 00 00 
              00 00 00 ASCIIREPRESENTATION



ARM Macro Assembler    Page 5 


                               SPACE            12
  174 0000000C         
  175 0000000C                 END
Command Line: --debug --xref --diag_suppress=9931 --apcs=interwork --depend=.\a
pp.d -o.\app.o -IC:\Keil_v5\ARM\RV31\INC -IC:\Keil_v5\ARM\CMSIS\Include -IC:\Ke
il_v5\ARM\INC\Philips --predefine="__EVAL SETA 1" --predefine="__MICROLIB SETA 
1" --predefine="__UVISION_VERSION SETA 526" --list=.\listings\app.lst App.s



ARM Macro Assembler    Page 1 Alphabetic symbol ordering
Relocatable symbols

Assignment2 00000000

Symbol: Assignment2
   Definitions
      At line 1 in file App.s
   Uses
      None
Comment: Assignment2 unused
complement 000000DC

Symbol: complement
   Definitions
      At line 109 in file App.s
   Uses
      At line 106 in file App.s
Comment: complement used once
dloop 0000004C

Symbol: dloop
   Definitions
      At line 39 in file App.s
   Uses
      At line 43 in file App.s
Comment: dloop used once
enddloop 0000005C

Symbol: enddloop
   Definitions
      At line 44 in file App.s
   Uses
      At line 41 in file App.s
Comment: enddloop used once
endfor 0000014C

Symbol: endfor
   Definitions
      At line 148 in file App.s
   Uses
      At line 122 in file App.s
Comment: endfor used once
endif1 00000140

Symbol: endif1
   Definitions
      At line 144 in file App.s
   Uses
      At line 126 in file App.s
Comment: endif1 used once
endpush 0000009C

Symbol: endpush
   Definitions
      At line 77 in file App.s
   Uses
      At line 74 in file App.s
Comment: endpush used once
endreverse 000000A4

Symbol: endreverse



ARM Macro Assembler    Page 2 Alphabetic symbol ordering
Relocatable symbols

   Definitions
      At line 80 in file App.s
   Uses
      At line 68 in file App.s
Comment: endreverse used once
endsign 000000F4

Symbol: endsign
   Definitions
      At line 117 in file App.s
   Uses
      At line 112 in file App.s
Comment: endsign used once
endwh 00000134

Symbol: endwh
   Definitions
      At line 139 in file App.s
   Uses
      At line 130 in file App.s
Comment: endwh used once
endwloop 00000068

Symbol: endwloop
   Definitions
      At line 49 in file App.s
   Uses
      At line 36 in file App.s
Comment: endwloop used once
for 000000F8

Symbol: for
   Definitions
      At line 120 in file App.s
   Uses
      At line 147 in file App.s
Comment: for used once
getDecimal 000000AC

Symbol: getDecimal
   Definitions
      At line 94 in file App.s
   Uses
      At line 17 in file App.s
Comment: getDecimal used once
if1 00000104

Symbol: if1
   Definitions
      At line 124 in file App.s
   Uses
      None
Comment: if1 unused
noOverflow 00000130

Symbol: noOverflow
   Definitions
      At line 137 in file App.s
   Uses



ARM Macro Assembler    Page 3 Alphabetic symbol ordering
Relocatable symbols

      At line 134 in file App.s
Comment: noOverflow used once
positive 000000E8

Symbol: positive
   Definitions
      At line 113 in file App.s
   Uses
      At line 99 in file App.s
Comment: positive used once
push1 00000098

Symbol: push1
   Definitions
      At line 75 in file App.s
   Uses
      At line 73 in file App.s
Comment: push1 used once
reverse 00000078

Symbol: reverse
   Definitions
      At line 66 in file App.s
   Uses
      At line 79 in file App.s
Comment: reverse used once
reverseNumber 0000006C

Symbol: reverseNumber
   Definitions
      At line 61 in file App.s
   Uses
      At line 33 in file App.s
Comment: reverseNumber used once
start 00000000

Symbol: start
   Definitions
      At line 5 in file App.s
   Uses
      At line 4 in file App.s
Comment: start used once
stop 00000068

Symbol: stop
   Definitions
      At line 51 in file App.s
   Uses
      At line 51 in file App.s
Comment: stop used once
while 00000110

Symbol: while
   Definitions
      At line 128 in file App.s
   Uses
      At line 138 in file App.s
Comment: while used once
wloop 00000030



ARM Macro Assembler    Page 4 Alphabetic symbol ordering
Relocatable symbols


Symbol: wloop
   Definitions
      At line 31 in file App.s
   Uses
      At line 48 in file App.s
Comment: wloop used once
23 symbols



ARM Macro Assembler    Page 1 Alphabetic symbol ordering
Relocatable symbols

DISPLAYNUMBER 00000000

Symbol: DISPLAYNUMBER
   Definitions
      At line 156 in file App.s
   Uses
      At line 12 in file App.s
Comment: DISPLAYNUMBER used once
DIVISORTABLE 00000004

Symbol: DIVISORTABLE
   Definitions
      At line 159 in file App.s
   Uses
      At line 15 in file App.s
Comment: DIVISORTABLE used once
Table 00000000

Symbol: Table
   Definitions
      At line 154 in file App.s
   Uses
      None
Comment: Table unused
3 symbols



ARM Macro Assembler    Page 1 Alphabetic symbol ordering
Relocatable symbols

ASCIIREPRESENTATION 00000000

Symbol: ASCIIREPRESENTATION
   Definitions
      At line 173 in file App.s
   Uses
      At line 14 in file App.s
      At line 25 in file App.s

AsciiConversion 00000000

Symbol: AsciiConversion
   Definitions
      At line 171 in file App.s
   Uses
      None
Comment: AsciiConversion unused
2 symbols



ARM Macro Assembler    Page 1 Alphabetic symbol ordering
Absolute symbols

IO1CLR E002801C

Symbol: IO1CLR
   Definitions
      At line 10 in file App.s
   Uses
      At line 24 in file App.s
Comment: IO1CLR used once
IO1DIR E0028018

Symbol: IO1DIR
   Definitions
      At line 8 in file App.s
   Uses
      At line 19 in file App.s
Comment: IO1DIR used once
IO1SET E0028014

Symbol: IO1SET
   Definitions
      At line 9 in file App.s
   Uses
      At line 22 in file App.s
Comment: IO1SET used once
3 symbols



ARM Macro Assembler    Page 1 Alphabetic symbol ordering
External symbols

main 00000000

Symbol: main
   Definitions
      At line 2 in file App.s
   Uses
      None
Comment: main unused
1 symbol
367 symbols in table
